[2026-08-31 00:45:52,700][httpx][INFO] - HTTP Request: HEAD https://huggingface.co/facebook/wav2vec2-base-960h/resolve/main/config.json "HTTP/1.1 307 Temporary Redirect"
[2026-08-31 00:45:52,922][httpx][INFO] - HTTP Request: HEAD https://huggingface.co/api/resolve-cache/models/facebook/wav2vec2-base-960h/22aad52d435eb6dbaf354bdad9b0da84ce7d6156/config.json "HTTP/1.1 200 OK"
[2026-08-31 00:45:53,121][httpx][INFO] - HTTP Request: GET https://huggingface.co/api/resolve-cache/models/facebook/wav2vec2-base-960h/22aad52d435eb6dbaf354bdad9b0da84ce7d6156/config.json "HTTP/1.1 200 OK"
[2026-08-31 00:45:53,542][httpx][INFO] - HTTP Request: HEAD https://huggingface.co/facebook/wav2vec2-base-960h/resolve/main/model.safetensors "HTTP/1.1 302 Found"
[2026-08-31 00:45:53,838][httpx][INFO] - HTTP Request: GET https://huggingface.co/api/models/facebook/wav2vec2-base-960h/xet-read-token/22aad52d435eb6dbaf354bdad9b0da84ce7d6156 "HTTP/1.1 200 OK"
[2026-08-31 00:46:17,390][httpx][INFO] - HTTP Request: HEAD https://huggingface.co/facebook/wav2vec2-base-960h/resolve/main/config.json "HTTP/1.1 307 Temporary Redirect"
[2026-08-31 00:46:17,453][httpx][INFO] - HTTP Request: HEAD https://huggingface.co/api/resolve-cache/models/facebook/wav2vec2-base-960h/22aad52d435eb6dbaf354bdad9b0da84ce7d6156/config.json "HTTP/1.1 200 OK"
[2026-08-31 00:46:18,312][httpx][INFO] - HTTP Request: GET https://huggingface.co/api/models/Systran/faster-whisper-base/revision/main "HTTP/1.1 200 OK"
[2026-08-31 00:46:18,517][httpx][INFO] - HTTP Request: GET https://huggingface.co/api/models/Systran/faster-whisper-base/tree/ebe41f70d5b6dfa9166e2c581c45c9c0cfc57b66?recursive=true&expand=false "HTTP/1.1 200 OK"
[2026-08-31 00:46:18,825][httpx][INFO] - HTTP Request: HEAD https://huggingface.co/Systran/faster-whisper-base/resolve/ebe41f70d5b6dfa9166e2c581c45c9c0cfc57b66/config.json "HTTP/1.1 307 Temporary Redirect"
[2026-08-31 00:46:18,826][httpx][INFO] - HTTP Request: GET https://huggingface.co/api/models/Systran/faster-whisper-base/xet-read-token/ebe41f70d5b6dfa9166e2c581c45c9c0cfc57b66 "HTTP/1.1 200 OK"
[2026-08-31 00:46:18,826][httpx][INFO] - HTTP Request: HEAD https://huggingface.co/Systran/faster-whisper-base/resolve/ebe41f70d5b6dfa9166e2c581c45c9c0cfc57b66/vocabulary.txt "HTTP/1.1 307 Temporary Redirect"
[2026-08-31 00:46:18,827][httpx][INFO] - HTTP Request: HEAD https://huggingface.co/Systran/faster-whisper-base/resolve/ebe41f70d5b6dfa9166e2c581c45c9c0cfc57b66/tokenizer.json "HTTP/1.1 307 Temporary Redirect"
[2026-08-31 00:46:19,135][httpx][INFO] - HTTP Request: HEAD https://huggingface.co/api/resolve-cache/models/Systran/faster-whisper-base/ebe41f70d5b6dfa9166e2c581c45c9c0cfc57b66/tokenizer.json "HTTP/1.1 200 OK"
[2026-08-31 00:46:19,136][httpx][INFO] - HTTP Request: HEAD https://huggingface.co/api/resolve-cache/models/Systran/faster-whisper-base/ebe41f70d5b6dfa9166e2c581c45c9c0cfc57b66/vocabulary.txt "HTTP/1.1 200 OK"
[2026-08-31 00:46:19,136][httpx][INFO] - HTTP Request: HEAD https://huggingface.co/api/resolve-cache/models/Systran/faster-whisper-base/ebe41f70d5b6dfa9166e2c581c45c9c0cfc57b66/config.json "HTTP/1.1 200 OK"
[2026-08-31 00:46:19,338][httpx][INFO] - HTTP Request: GET https://huggingface.co/api/resolve-cache/models/Systran/faster-whisper-base/ebe41f70d5b6dfa9166e2c581c45c9c0cfc57b66/vocabulary.txt "HTTP/1.1 200 OK"
[2026-08-31 00:46:19,338][httpx][INFO] - HTTP Request: GET https://huggingface.co/api/resolve-cache/models/Systran/faster-whisper-base/ebe41f70d5b6dfa9166e2c581c45c9c0cfc57b66/config.json "HTTP/1.1 200 OK"
[2026-08-31 00:46:19,380][httpx][INFO] - HTTP Request: GET https://huggingface.co/api/resolve-cache/models/Systran/faster-whisper-base/ebe41f70d5b6dfa9166e2c581c45c9c0cfc57b66/tokenizer.json "HTTP/1.1 200 OK"
[2026-08-31 00:46:27,936][httpx][INFO] - HTTP Request: GET https://huggingface.co/api/models/Systran/faster-whisper-base/revision/main "HTTP/1.1 200 OK"
[2026-08-31 00:46:38,179][httpx][INFO] - HTTP Request: HEAD https://huggingface.co/facebook/wav2vec2-base-960h/resolve/main/config.json "HTTP/1.1 307 Temporary Redirect"
[2026-08-31 00:46:38,194][httpx][INFO] - HTTP Request: HEAD https://huggingface.co/api/resolve-cache/models/facebook/wav2vec2-base-960h/22aad52d435eb6dbaf354bdad9b0da84ce7d6156/config.json "HTTP/1.1 200 OK"
